Archive member included to satisfy reference by file (symbol)

/home/kuoping/opt/riscv/lib/gcc/riscv64-unknown-elf/15.2.0/rv32imac_zicsr_zaamo_zalrsc/ilp32/libgcc.a(eqdf2.o)
                              ./obj/_common_printf.o (__nedf2)
/home/kuoping/opt/riscv/lib/gcc/riscv64-unknown-elf/15.2.0/rv32imac_zicsr_zaamo_zalrsc/ilp32/libgcc.a(gedf2.o)
                              ./obj/_common_printf.o (__gedf2)
/home/kuoping/opt/riscv/lib/gcc/riscv64-unknown-elf/15.2.0/rv32imac_zicsr_zaamo_zalrsc/ilp32/libgcc.a(ledf2.o)
                              ./obj/_common_printf.o (__ltdf2)
/home/kuoping/opt/riscv/lib/gcc/riscv64-unknown-elf/15.2.0/rv32imac_zicsr_zaamo_zalrsc/ilp32/libgcc.a(muldf3.o)
                              ./obj/_common_printf.o (__muldf3)
/home/kuoping/opt/riscv/lib/gcc/riscv64-unknown-elf/15.2.0/rv32imac_zicsr_zaamo_zalrsc/ilp32/libgcc.a(subdf3.o)
                              ./obj/_common_printf.o (__subdf3)
/home/kuoping/opt/riscv/lib/gcc/riscv64-unknown-elf/15.2.0/rv32imac_zicsr_zaamo_zalrsc/ilp32/libgcc.a(fixdfsi.o)
                              ./obj/_common_printf.o (__fixdfsi)
/home/kuoping/opt/riscv/lib/gcc/riscv64-unknown-elf/15.2.0/rv32imac_zicsr_zaamo_zalrsc/ilp32/libgcc.a(floatsidf.o)
                              ./obj/_common_printf.o (__floatsidf)
/home/kuoping/opt/riscv/lib/gcc/riscv64-unknown-elf/15.2.0/rv32imac_zicsr_zaamo_zalrsc/ilp32/libgcc.a(fixunsdfdi.o)
                              ./obj/_common_printf.o (__fixunsdfdi)
/home/kuoping/opt/riscv/lib/gcc/riscv64-unknown-elf/15.2.0/rv32imac_zicsr_zaamo_zalrsc/ilp32/libgcc.a(floatundidf.o)
                              ./obj/_common_printf.o (__floatundidf)
/home/kuoping/opt/riscv/lib/gcc/riscv64-unknown-elf/15.2.0/rv32imac_zicsr_zaamo_zalrsc/ilp32/libgcc.a(_lshrdi3.o)
                              /home/kuoping/opt/riscv/lib/gcc/riscv64-unknown-elf/15.2.0/rv32imac_zicsr_zaamo_zalrsc/ilp32/libgcc.a(floatundidf.o) (__lshrdi3)
/home/kuoping/opt/riscv/lib/gcc/riscv64-unknown-elf/15.2.0/rv32imac_zicsr_zaamo_zalrsc/ilp32/libgcc.a(_ashldi3.o)
                              /home/kuoping/opt/riscv/lib/gcc/riscv64-unknown-elf/15.2.0/rv32imac_zicsr_zaamo_zalrsc/ilp32/libgcc.a(fixunsdfdi.o) (__ashldi3)
/home/kuoping/opt/riscv/lib/gcc/riscv64-unknown-elf/15.2.0/rv32imac_zicsr_zaamo_zalrsc/ilp32/libgcc.a(_clzsi2.o)
                              /home/kuoping/opt/riscv/lib/gcc/riscv64-unknown-elf/15.2.0/rv32imac_zicsr_zaamo_zalrsc/ilp32/libgcc.a(muldf3.o) (__clzsi2)
/home/kuoping/opt/riscv/lib/gcc/riscv64-unknown-elf/15.2.0/rv32imac_zicsr_zaamo_zalrsc/ilp32/libgcc.a(_clz.o)
                              /home/kuoping/opt/riscv/lib/gcc/riscv64-unknown-elf/15.2.0/rv32imac_zicsr_zaamo_zalrsc/ilp32/libgcc.a(_clzsi2.o) (__clz_tab)
/home/kuoping/opt/riscv/lib/gcc/riscv64-unknown-elf/15.2.0/../../../../riscv64-unknown-elf/lib/rv32imac_zicsr_zaamo_zalrsc/ilp32/libc.a(libc_a-reent.o)
                              ./obj/_common_syscall.o (errno)
/home/kuoping/opt/riscv/lib/gcc/riscv64-unknown-elf/15.2.0/../../../../riscv64-unknown-elf/lib/rv32imac_zicsr_zaamo_zalrsc/ilp32/libc.a(libc_a-impure.o)
                              /home/kuoping/opt/riscv/lib/gcc/riscv64-unknown-elf/15.2.0/../../../../riscv64-unknown-elf/lib/rv32imac_zicsr_zaamo_zalrsc/ilp32/libc.a(libc_a-reent.o) (_impure_ptr)
/home/kuoping/opt/riscv/lib/gcc/riscv64-unknown-elf/15.2.0/../../../../riscv64-unknown-elf/lib/rv32imac_zicsr_zaamo_zalrsc/ilp32/libc.a(libc_a-init.o)
                              ./obj/_common_startup.o (__libc_init_array)
/home/kuoping/opt/riscv/lib/gcc/riscv64-unknown-elf/15.2.0/../../../../riscv64-unknown-elf/lib/rv32imac_zicsr_zaamo_zalrsc/ilp32/libc.a(libc_a-freer.o)
                              /home/kuoping/opt/riscv/lib/gcc/riscv64-unknown-elf/15.2.0/../../../../riscv64-unknown-elf/lib/rv32imac_zicsr_zaamo_zalrsc/ilp32/libc.a(libc_a-reent.o) (_free_r)
/home/kuoping/opt/riscv/lib/gcc/riscv64-unknown-elf/15.2.0/../../../../riscv64-unknown-elf/lib/rv32imac_zicsr_zaamo_zalrsc/ilp32/libc.a(libc_a-mallocr.o)
                              /home/kuoping/opt/riscv/lib/gcc/riscv64-unknown-elf/15.2.0/../../../../riscv64-unknown-elf/lib/rv32imac_zicsr_zaamo_zalrsc/ilp32/libc.a(libc_a-freer.o) (__malloc_av_)
/home/kuoping/opt/riscv/lib/gcc/riscv64-unknown-elf/15.2.0/../../../../riscv64-unknown-elf/lib/rv32imac_zicsr_zaamo_zalrsc/ilp32/libc.a(libc_a-mlock.o)
                              /home/kuoping/opt/riscv/lib/gcc/riscv64-unknown-elf/15.2.0/../../../../riscv64-unknown-elf/lib/rv32imac_zicsr_zaamo_zalrsc/ilp32/libc.a(libc_a-freer.o) (__malloc_lock)
/home/kuoping/opt/riscv/lib/gcc/riscv64-unknown-elf/15.2.0/../../../../riscv64-unknown-elf/lib/rv32imac_zicsr_zaamo_zalrsc/ilp32/libc.a(libc_a-findfp.o)
                              /home/kuoping/opt/riscv/lib/gcc/riscv64-unknown-elf/15.2.0/../../../../riscv64-unknown-elf/lib/rv32imac_zicsr_zaamo_zalrsc/ilp32/libc.a(libc_a-impure.o) (__sf)
[...]
Memory Configuration

Name             Origin             Length             Attributes
IRAM             0x80000000         0x00020000         xr
DRAM             0xc0000000         0x00020000         xrw
*default*        0x00000000         0xffffffff

Linker script and memory map

LOAD ./obj/_common_startup.o
LOAD ./obj/_common_jv_irq.o
LOAD ./obj/_common_printf.o
LOAD ./obj/_common_putc.o
LOAD ./obj/_common_syscall.o
LOAD ./obj/clic_test_clic_test.o
LOAD /home/kuoping/opt/riscv/lib/gcc/riscv64-unknown-elf/15.2.0/rv32imac_zicsr_zaamo_zalrsc/ilp32/libgcc.a
START GROUP
LOAD /home/kuoping/opt/riscv/lib/gcc/riscv64-unknown-elf/15.2.0/../../../../riscv64-unknown-elf/lib/rv32imac_zicsr_zaamo_zalrsc/ilp32/libc.a
LOAD /home/kuoping/opt/riscv/lib/gcc/riscv64-unknown-elf/15.2.0/../../../../riscv64-unknown-elf/lib/rv32imac_zicsr_zaamo_zalrsc/ilp32/libgloss.a
END GROUP
LOAD /home/kuoping/opt/riscv/lib/gcc/riscv64-unknown-elf/15.2.0/rv32imac_zicsr_zaamo_zalrsc/ilp32/libgcc.a

.text           0x80000000     0x255a
 *(.text.reset)
 .text.reset    0x80000000       0x78 ./obj/_common_startup.o
                0x80000000                _start
 *(.text.trap)
 *fill*         0x80000078        0x0 
 .text.trap     0x80000078       0xb0 ./obj/_common_startup.o
                0x80000078                trap_entry
 *(.text .text.*)
 .text          0x80000128       0x1a ./obj/_common_startup.o
                0x80000128                _exit
 .text.jv_irq_register
                0x80000142       0x12 ./obj/_common_jv_irq.o
                0x80000142                jv_irq_register
 .text.jv_irq_dispatch
                0x80000154      0x234 ./obj/_common_jv_irq.o
                0x80000154                jv_irq_dispatch
 .text.trap_handler
                0x80000388        0x2 ./obj/_common_jv_irq.o
                0x80000388                trap_handler
 .text.uint_to_str
                0x8000038a      0x19e ./obj/_common_printf.o
 .text.printf_putchar
                0x80000528       0x5a ./obj/_common_printf.o
 .text.printf_putstr_formatted
                0x80000582       0xc4 ./obj/_common_printf.o
 .text.printf_print_float
                0x80000646      0x2c2 ./obj/_common_printf.o
 .text.printf_print_int
                0x80000908      0x202 ./obj/_common_printf.o
 .text.vprintf  0x80000b0a      0x3d6 ./obj/_common_printf.o
                0x80000b0a                vprintf
 .text.printf   0x80000ee0       0x22 ./obj/_common_printf.o
                0x80000ee0                printf
 .text.uart_drain
                0x80000f02       0x28 ./obj/clic_test_clic_test.o
 .text.uart_setup
                0x80000f2a       0x42 ./obj/clic_test_clic_test.o
 .text.uart_teardown
                0x80000f6c       0x1e ./obj/clic_test_clic_test.o
 .text.msi_handler
                0x80000f8a       0x16 ./obj/clic_test_clic_test.o
 .text.mti_handler
                0x80000fa0       0x18 ./obj/clic_test_clic_test.o
 .text.mei_handler
                0x80000fb8       0x2c ./obj/clic_test_clic_test.o
 *fill*         0x80000fe4       0x1c 
 .text.clic_vector_table
                0x80001000       0x42 ./obj/clic_test_clic_test.o
 .text.check    0x80001042       0x4a ./obj/clic_test_clic_test.o
 .text.clic_fast_uart_isr
                0x8000108c       0x36 ./obj/clic_test_clic_test.o
 .text.startup.main
                0x800010c2      0x562 ./obj/clic_test_clic_test.o
                0x800010c2                main
 .text          0x80001624       0x66 /home/kuoping/opt/riscv/lib/gcc/riscv64-unknown-elf/15.2.0/rv32imac_zicsr_zaamo_zalrsc/ilp32/libgcc.a(eqdf2.o)
                0x80001624                __eqdf2
                0x80001624                __nedf2
 .text          0x8000168a       0xb6 /home/kuoping/opt/riscv/lib/gcc/riscv64-unknown-elf/15.2.0/rv32imac_zicsr_zaamo_zalrsc/ilp32/libgcc.a(gedf2.o)
                0x8000168a                __gtdf2
                0x8000168a                __gedf2
 .text          0x80001740       0xb6 /home/kuoping/opt/riscv/lib/gcc/riscv64-unknown-elf/15.2.0/rv32imac_zicsr_zaamo_zalrsc/ilp32/libgcc.a(ledf2.o)
                0x80001740                __ltdf2
                0x80001740                __ledf2
 .text          0x800017f6      0x44a /home/kuoping/opt/riscv/lib/gcc/riscv64-unknown-elf/15.2.0/rv32imac_zicsr_zaamo_zalrsc/ilp32/libgcc.a(muldf3.o)
                0x800017f6                __muldf3
 .text          0x80001c40      0x5b6 /home/kuoping/opt/riscv/lib/gcc/riscv64-unknown-elf/15.2.0/rv32imac_zicsr_zaamo_zalrsc/ilp32/libgcc.a(subdf3.o)
                0x80001c40                __subdf3
 .text          0x800021f6       0x62 /home/kuoping/opt/riscv/lib/gcc/riscv64-unknown-elf/15.2.0/rv32imac_zicsr_zaamo_zalrsc/ilp32/libgcc.a(fixdfsi.o)
                0x800021f6                __fixdfsi
 .text          0x80002258       0x62 /home/kuoping/opt/riscv/lib/gcc/riscv64-unknown-elf/15.2.0/rv32imac_zicsr_zaamo_zalrsc/ilp32/libgcc.a(floatsidf.o)
                0x80002258                __floatsidf
 .text          0x800022ba       0x7e /home/kuoping/opt/riscv/lib/gcc/riscv64-unknown-elf/15.2.0/rv32imac_zicsr_zaamo_zalrsc/ilp32/libgcc.a(fixunsdfdi.o)
                0x800022ba                __fixunsdfdi
 .text          0x80002338      0x130 /home/kuoping/opt/riscv/lib/gcc/riscv64-unknown-elf/15.2.0/rv32imac_zicsr_zaamo_zalrsc/ilp32/libgcc.a(floatundidf.o)
                0x80002338                __floatundidf
 .text          0x80002468       0x2a /home/kuoping/opt/riscv/lib/gcc/riscv64-unknown-elf/15.2.0/rv32imac_zicsr_zaamo_zalrsc/ilp32/libgcc.a(_lshrdi3.o)
                0x80002468                __lshrdi3
 .text          0x80002492       0x2a /home/kuoping/opt/riscv/lib/gcc/riscv64-unknown-elf/15.2.0/rv32imac_zicsr_zaamo_zalrsc/ilp32/libgcc.a(_ashldi3.o)
                0x80002492                __ashldi3
 .text          0x800024bc       0x3c /home/kuoping/opt/riscv/lib/gcc/riscv64-unknown-elf/15.2.0/rv32imac_zicsr_zaamo_zalrsc/ilp32/libgcc.a(_clzsi2.o)
                0x800024bc                __clzsi2
 .text.__libc_init_array
                0x800024f8       0x62 /home/kuoping/opt/riscv/lib/gcc/riscv64-unknown-elf/15.2.0/../../../../riscv64-unknown-elf/lib/rv32imac_zicsr_zaamo_zalrsc/ilp32/libc.a(libc_a-init.o)
                0x800024f8                __libc_init_array
 *(.gnu.linkonce.t.*)

.rodata         0x80002560      0xa08
 *(.rodata .rodata.*)
 .rodata.jv_irq_dispatch.str1.4
                0x80002560      0x749 ./obj/_common_jv_irq.o
                                 0x69 (size before relaxing)
 *fill*         0x80002ca9        0x3 
 .rodata.h.0    0x80002cac       0x11 ./obj/_common_jv_irq.o
 .rodata.uint_to_str.str1.4
                0x80002cbd        0x0 ./obj/_common_printf.o
                                 0x25 (size before relaxing)
 .rodata.printf_print_float.str1.4
                0x80002cbd        0x0 ./obj/_common_printf.o
                                 0x10 (size before relaxing)
 .rodata.vprintf.str1.4
                0x80002cbd        0x0 ./obj/_common_printf.o
                                  0x7 (size before relaxing)
 *fill*         0x80002cbd        0x3 
 .rodata.vprintf
                0x80002cc0      0x184 ./obj/_common_printf.o
 .rodata.check.str1.4
                0x80002e44        0x0 ./obj/clic_test_clic_test.o
                                 0x19 (size before relaxing)
 .rodata.main.str1.4
                0x80002e44        0x0 ./obj/clic_test_clic_test.o
                                0x681 (size before relaxing)
 .rodata        0x80002e44      0x100 /home/kuoping/opt/riscv/lib/gcc/riscv64-unknown-elf/15.2.0/rv32imac_zicsr_zaamo_zalrsc/ilp32/libgcc.a(_clz.o)
                0x80002e44                __clz_tab
 *(.srodata .srodata.*)
 *fill*         0x80002f44        0x4 
 .srodata.cst8  0x80002f48       0x20 ./obj/_common_printf.o
 *(.gnu.linkonce.r.*)

.rela.dyn       0x80002f68        0x0
 .rela.text.reset
                0x80002f68        0x0 ./obj/_common_startup.o
 .rela.text.__libc_init_array
                0x80002f68        0x0 ./obj/_common_startup.o

.init_array     0x80002f68        0x0
                0x80002f68                        __init_array_start = .
 *(.init_array*)
                0x80002f68                        __init_array_end = .

.fini_array     0x80002f68        0x0
                0x80002f68                        __fini_array_start = .
 *(.fini_array*)
                0x80002f68                        __fini_array_end = .
                0x80002f68                        _iram_end = .
                0x80002f68                        _data_lma = LOADADDR (.data)

.data           0xc0000000        0x0 load address 0x80002f68
                0xc0000000                        _data_start = .
 *(.data .data.*)
 *(.gnu.linkonce.d.*)
                0xc0000000                        . = ALIGN (0x4)
                0xc0000800                        PROVIDE (__global_pointer$ = (. + 0x800))
 *(.sdata .sdata.*)
                0xc0000000                        . = ALIGN (0x4)
                0xc0000000                        _data_end = .

.bss            0xc0000000      0x134
                0xc0000000                        . = ALIGN (0x4)
                0xc0000000                        _bss_start = .
 *(.bss .bss.*)
 .bss._exc_table
                0xc0000000       0x80 ./obj/_common_jv_irq.o
 .bss._irq_table
                0xc0000080       0x40 ./obj/_common_jv_irq.o
 .bss.printf_output_buffer
                0xc00000c0       0x40 ./obj/_common_printf.o
 *(.sbss .sbss.*)
 .sbss.sprintf_max
                0xc0000100        0x4 ./obj/_common_printf.o
 .sbss.sprintf_pos
                0xc0000104        0x4 ./obj/_common_printf.o
 .sbss.sprintf_dest
                0xc0000108        0x4 ./obj/_common_printf.o
 .sbss.printf_buffer_pos
                0xc000010c        0x4 ./obj/_common_printf.o
 .sbss.fast_rx_char
                0xc0000110        0x1 ./obj/clic_test_clic_test.o
 *fill*         0xc0000111        0x3 
 .sbss.fast_count
                0xc0000114        0x4 ./obj/clic_test_clic_test.o
 .sbss.mei_mintstatus
                0xc0000118        0x4 ./obj/clic_test_clic_test.o
 .sbss.mei_rx_char
                0xc000011c        0x1 ./obj/clic_test_clic_test.o
 *fill*         0xc000011d        0x3 
 .sbss.mei_count
                0xc0000120        0x4 ./obj/clic_test_clic_test.o
 .sbss.mti_count
                0xc0000124        0x4 ./obj/clic_test_clic_test.o
 .sbss.msi_count
                0xc0000128        0x4 ./obj/clic_test_clic_test.o
 .sbss.g_fail   0xc000012c        0x4 ./obj/clic_test_clic_test.o
 .sbss.g_pass   0xc0000130        0x4 ./obj/clic_test_clic_test.o
 *(.gnu.linkonce.b.*)
 *(COMMON)
                0xc0000134                        . = ALIGN (0x4)
                0xc0000134                        _bss_end = .
                0xc0000134                        _stack_bottom = _bss_end
                0xc0000134                        __heap_start = _bss_end
                0xc001f000                        __heap_end = ((ORIGIN (DRAM) + LENGTH (DRAM)) - 0x1000)
                0xc0020000                        _stack_top = (ORIGIN (DRAM) + LENGTH (DRAM))

/DISCARD/
 *(.note.*)
 *(.comment)
 *(.eh_frame .eh_frame_hdr)
 *(.gcc_except_table .gcc_except_table.*)
 *(.riscv.attributes)
OUTPUT(clic_test.elf elf32-littleriscv)

.debug_line     0x00000000     0x8758
 .debug_line    0x00000000      0x306 ./obj/_common_startup.o
 .debug_line    0x00000306      0xb3f ./obj/_common_jv_irq.o
 .debug_line    0x00000e45     0x20ec ./obj/_common_printf.o
 .debug_line    0x00002f31     0x15c2 ./obj/clic_test_clic_test.o
 .debug_line    0x000044f3      0x257 /home/kuoping/opt/riscv/lib/gcc/riscv64-unknown-elf/15.2.0/rv32imac_zicsr_zaamo_zalrsc/ilp32/libgcc.a(eqdf2.o)
 .debug_line    0x0000474a      0x361 /home/kuoping/opt/riscv/lib/gcc/riscv64-unknown-elf/15.2.0/rv32imac_zicsr_zaamo_zalrsc/ilp32/libgcc.a(gedf2.o)
 .debug_line    0x00004aab      0x361 /home/kuoping/opt/riscv/lib/gcc/riscv64-unknown-elf/15.2.0/rv32imac_zicsr_zaamo_zalrsc/ilp32/libgcc.a(ledf2.o)
 .debug_line    0x00004e0c     0x1155 /home/kuoping/opt/riscv/lib/gcc/riscv64-unknown-elf/15.2.0/rv32imac_zicsr_zaamo_zalrsc/ilp32/libgcc.a(muldf3.o)
 .debug_line    0x00005f61     0x16fd /home/kuoping/opt/riscv/lib/gcc/riscv64-unknown-elf/15.2.0/rv32imac_zicsr_zaamo_zalrsc/ilp32/libgcc.a(subdf3.o)
 .debug_line    0x0000765e      0x239 /home/kuoping/opt/riscv/lib/gcc/riscv64-unknown-elf/15.2.0/rv32imac_zicsr_zaamo_zalrsc/ilp32/libgcc.a(fixdfsi.o)
 .debug_line    0x00007897      0x251 /home/kuoping/opt/riscv/lib/gcc/riscv64-unknown-elf/15.2.0/rv32imac_zicsr_zaamo_zalrsc/ilp32/libgcc.a(floatsidf.o)
 .debug_line    0x00007ae8      0x2a9 /home/kuoping/opt/riscv/lib/gcc/riscv64-unknown-elf/15.2.0/rv32imac_zicsr_zaamo_zalrsc/ilp32/libgcc.a(fixunsdfdi.o)
 .debug_line    0x00007d91      0x55f /home/kuoping/opt/riscv/lib/gcc/riscv64-unknown-elf/15.2.0/rv32imac_zicsr_zaamo_zalrsc/ilp32/libgcc.a(floatundidf.o)
 .debug_line    0x000082f0       0xed /home/kuoping/opt/riscv/lib/gcc/riscv64-unknown-elf/15.2.0/rv32imac_zicsr_zaamo_zalrsc/ilp32/libgcc.a(_lshrdi3.o)
 .debug_line    0x000083dd       0xe7 /home/kuoping/opt/riscv/lib/gcc/riscv64-unknown-elf/15.2.0/rv32imac_zicsr_zaamo_zalrsc/ilp32/libgcc.a(_ashldi3.o)
 .debug_line    0x000084c4       0xf5 /home/kuoping/opt/riscv/lib/gcc/riscv64-unknown-elf/15.2.0/rv32imac_zicsr_zaamo_zalrsc/ilp32/libgcc.a(_clzsi2.o)
 .debug_line    0x000085b9       0x49 /home/kuoping/opt/riscv/lib/gcc/riscv64-unknown-elf/15.2.0/rv32imac_zicsr_zaamo_zalrsc/ilp32/libgcc.a(_clz.o)
 .debug_line    0x00008602      0x156 /home/kuoping/opt/riscv/lib/gcc/riscv64-unknown-elf/15.2.0/../../../../riscv64-unknown-elf/lib/rv32imac_zicsr_zaamo_zalrsc/ilp32/libc.a(libc_a-init.o)

.debug_line_str
                0x00000000      0x535
 .debug_line_str
                0x00000000      0x535 ./obj/_common_startup.o
                                 0x30 (size before relaxing)
 .debug_line_str
                0x00000535        0x0 ./obj/_common_jv_irq.o
                                 0xae (size before relaxing)
 .debug_line_str
                0x00000535        0x0 ./obj/_common_printf.o
                                 0xb7 (size before relaxing)
 .debug_line_str
                0x00000535        0x0 ./obj/clic_test_clic_test.o
                                0x14e (size before relaxing)
 .debug_line_str
                0x00000535        0x0 /home/kuoping/opt/riscv/lib/gcc/riscv64-unknown-elf/15.2.0/rv32imac_zicsr_zaamo_zalrsc/ilp32/libgcc.a(eqdf2.o)
                                 0xee (size before relaxing)
 .debug_line_str
                0x00000535        0x0 /home/kuoping/opt/riscv/lib/gcc/riscv64-unknown-elf/15.2.0/rv32imac_zicsr_zaamo_zalrsc/ilp32/libgcc.a(gedf2.o)
                                 0xee (size before relaxing)
 .debug_line_str
                0x00000535        0x0 /home/kuoping/opt/riscv/lib/gcc/riscv64-unknown-elf/15.2.0/rv32imac_zicsr_zaamo_zalrsc/ilp32/libgcc.a(ledf2.o)
                                 0xee (size before relaxing)
 .debug_line_str
                0x00000535        0x0 /home/kuoping/opt/riscv/lib/gcc/riscv64-unknown-elf/15.2.0/rv32imac_zicsr_zaamo_zalrsc/ilp32/libgcc.a(muldf3.o)
                                 0xec (size before relaxing)
 .debug_line_str
                0x00000535        0x0 /home/kuoping/opt/riscv/lib/gcc/riscv64-unknown-elf/15.2.0/rv32imac_zicsr_zaamo_zalrsc/ilp32/libgcc.a(subdf3.o)
                                 0xe2 (size before relaxing)
 .debug_line_str
                0x00000535        0x0 /home/kuoping/opt/riscv/lib/gcc/riscv64-unknown-elf/15.2.0/rv32imac_zicsr_zaamo_zalrsc/ilp32/libgcc.a(fixdfsi.o)
                                 0xee (size before relaxing)
 .debug_line_str
                0x00000535        0x0 /home/kuoping/opt/riscv/lib/gcc/riscv64-unknown-elf/15.2.0/rv32imac_zicsr_zaamo_zalrsc/ilp32/libgcc.a(floatsidf.o)
                                 0xf2 (size before relaxing)
 .debug_line_str
                0x00000535        0x0 /home/kuoping/opt/riscv/lib/gcc/riscv64-unknown-elf/15.2.0/rv32imac_zicsr_zaamo_zalrsc/ilp32/libgcc.a(fixunsdfdi.o)
                                 0xf4 (size before relaxing)
 .debug_line_str
                0x00000535        0x0 /home/kuoping/opt/riscv/lib/gcc/riscv64-unknown-elf/15.2.0/rv32imac_zicsr_zaamo_zalrsc/ilp32/libgcc.a(floatundidf.o)
                                 0xf6 (size before relaxing)
 .debug_line_str
                0x00000535        0x0 /home/kuoping/opt/riscv/lib/gcc/riscv64-unknown-elf/15.2.0/rv32imac_zicsr_zaamo_zalrsc/ilp32/libgcc.a(_lshrdi3.o)
                                 0xd5 (size before relaxing)
 .debug_line_str
                0x00000535        0x0 /home/kuoping/opt/riscv/lib/gcc/riscv64-unknown-elf/15.2.0/rv32imac_zicsr_zaamo_zalrsc/ilp32/libgcc.a(_ashldi3.o)
                                 0xd5 (size before relaxing)
 .debug_line_str
                0x00000535        0x0 /home/kuoping/opt/riscv/lib/gcc/riscv64-unknown-elf/15.2.0/rv32imac_zicsr_zaamo_zalrsc/ilp32/libgcc.a(_clzsi2.o)
                                 0xd5 (size before relaxing)
 .debug_line_str
                0x00000535        0x0 /home/kuoping/opt/riscv/lib/gcc/riscv64-unknown-elf/15.2.0/rv32imac_zicsr_zaamo_zalrsc/ilp32/libgcc.a(_clz.o)
                                 0xd5 (size before relaxing)
 .debug_line_str
                0x00000535        0x0 /home/kuoping/opt/riscv/lib/gcc/riscv64-unknown-elf/15.2.0/../../../../riscv64-unknown-elf/lib/rv32imac_zicsr_zaamo_zalrsc/ilp32/libc.a(libc_a-init.o)
                                0x152 (size before relaxing)

.debug_info     0x00000000     0x55b8
 .debug_info    0x00000000       0x48 ./obj/_common_startup.o
 .debug_info    0x00000048      0x9cf ./obj/_common_jv_irq.o
 .debug_info    0x00000a17     0x108f ./obj/_common_printf.o
 .debug_info    0x00001aa6     0x16ce ./obj/clic_test_clic_test.o
 .debug_info    0x00003174      0x248 /home/kuoping/opt/riscv/lib/gcc/riscv64-unknown-elf/15.2.0/rv32imac_zicsr_zaamo_zalrsc/ilp32/libgcc.a(eqdf2.o)
 .debug_info    0x000033bc      0x25a /home/kuoping/opt/riscv/lib/gcc/riscv64-unknown-elf/15.2.0/rv32imac_zicsr_zaamo_zalrsc/ilp32/libgcc.a(gedf2.o)
 .debug_info    0x00003616      0x25a /home/kuoping/opt/riscv/lib/gcc/riscv64-unknown-elf/15.2.0/rv32imac_zicsr_zaamo_zalrsc/ilp32/libgcc.a(ledf2.o)
 .debug_info    0x00003870      0x7a7 /home/kuoping/opt/riscv/lib/gcc/riscv64-unknown-elf/15.2.0/rv32imac_zicsr_zaamo_zalrsc/ilp32/libgcc.a(muldf3.o)
 .debug_info    0x00004017      0x582 /home/kuoping/opt/riscv/lib/gcc/riscv64-unknown-elf/15.2.0/rv32imac_zicsr_zaamo_zalrsc/ilp32/libgcc.a(subdf3.o)
 .debug_info    0x00004599      0x1de /home/kuoping/opt/riscv/lib/gcc/riscv64-unknown-elf/15.2.0/rv32imac_zicsr_zaamo_zalrsc/ilp32/libgcc.a(fixdfsi.o)
 .debug_info    0x00004777      0x289 /home/kuoping/opt/riscv/lib/gcc/riscv64-unknown-elf/15.2.0/rv32imac_zicsr_zaamo_zalrsc/ilp32/libgcc.a(floatsidf.o)
 .debug_info    0x00004a00      0x1ee /home/kuoping/opt/riscv/lib/gcc/riscv64-unknown-elf/15.2.0/rv32imac_zicsr_zaamo_zalrsc/ilp32/libgcc.a(fixunsdfdi.o)
 .debug_info    0x00004bee      0x2f3 /home/kuoping/opt/riscv/lib/gcc/riscv64-unknown-elf/15.2.0/rv32imac_zicsr_zaamo_zalrsc/ilp32/libgcc.a(floatundidf.o)
 .debug_info    0x00004ee1      0x1bf /home/kuoping/opt/riscv/lib/gcc/riscv64-unknown-elf/15.2.0/rv32imac_zicsr_zaamo_zalrsc/ilp32/libgcc.a(_lshrdi3.o)
 .debug_info    0x000050a0      0x1bf /home/kuoping/opt/riscv/lib/gcc/riscv64-unknown-elf/15.2.0/rv32imac_zicsr_zaamo_zalrsc/ilp32/libgcc.a(_ashldi3.o)
 .debug_info    0x0000525f      0x168 /home/kuoping/opt/riscv/lib/gcc/riscv64-unknown-elf/15.2.0/rv32imac_zicsr_zaamo_zalrsc/ilp32/libgcc.a(_clzsi2.o)
 .debug_info    0x000053c7       0xf2 /home/kuoping/opt/riscv/lib/gcc/riscv64-unknown-elf/15.2.0/rv32imac_zicsr_zaamo_zalrsc/ilp32/libgcc.a(_clz.o)
 .debug_info    0x000054b9       0xff /home/kuoping/opt/riscv/lib/gcc/riscv64-unknown-elf/15.2.0/../../../../riscv64-unknown-elf/lib/rv32imac_zicsr_zaamo_zalrsc/ilp32/libc.a(libc_a-init.o)

.debug_abbrev   0x00000000     0x1b6a
 .debug_abbrev  0x00000000       0x26 ./obj/_common_startup.o
 .debug_abbrev  0x00000026      0x29b ./obj/_common_jv_irq.o
 .debug_abbrev  0x000002c1      0x3d4 ./obj/_common_printf.o
 .debug_abbrev  0x00000695      0x35c ./obj/clic_test_clic_test.o
 .debug_abbrev  0x000009f1      0x170 /home/kuoping/opt/riscv/lib/gcc/riscv64-unknown-elf/15.2.0/rv32imac_zicsr_zaamo_zalrsc/ilp32/libgcc.a(eqdf2.o)
 .debug_abbrev  0x00000b61      0x174 /home/kuoping/opt/riscv/lib/gcc/riscv64-unknown-elf/15.2.0/rv32imac_zicsr_zaamo_zalrsc/ilp32/libgcc.a(gedf2.o)
 .debug_abbrev  0x00000cd5      0x174 /home/kuoping/opt/riscv/lib/gcc/riscv64-unknown-elf/15.2.0/rv32imac_zicsr_zaamo_zalrsc/ilp32/libgcc.a(ledf2.o)
 .debug_abbrev  0x00000e49      0x194 /home/kuoping/opt/riscv/lib/gcc/riscv64-unknown-elf/15.2.0/rv32imac_zicsr_zaamo_zalrsc/ilp32/libgcc.a(muldf3.o)
 .debug_abbrev  0x00000fdd      0x195 /home/kuoping/opt/riscv/lib/gcc/riscv64-unknown-elf/15.2.0/rv32imac_zicsr_zaamo_zalrsc/ilp32/libgcc.a(subdf3.o)
 .debug_abbrev  0x00001172      0x15e /home/kuoping/opt/riscv/lib/gcc/riscv64-unknown-elf/15.2.0/rv32imac_zicsr_zaamo_zalrsc/ilp32/libgcc.a(fixdfsi.o)
 .debug_abbrev  0x000012d0      0x173 /home/kuoping/opt/riscv/lib/gcc/riscv64-unknown-elf/15.2.0/rv32imac_zicsr_zaamo_zalrsc/ilp32/libgcc.a(floatsidf.o)
 .debug_abbrev  0x00001443      0x16e /home/kuoping/opt/riscv/lib/gcc/riscv64-unknown-elf/15.2.0/rv32imac_zicsr_zaamo_zalrsc/ilp32/libgcc.a(fixunsdfdi.o)
 .debug_abbrev  0x000015b1      0x18f /home/kuoping/opt/riscv/lib/gcc/riscv64-unknown-elf/15.2.0/rv32imac_zicsr_zaamo_zalrsc/ilp32/libgcc.a(floatundidf.o)
 .debug_abbrev  0x00001740      0x114 /home/kuoping/opt/riscv/lib/gcc/riscv64-unknown-elf/15.2.0/rv32imac_zicsr_zaamo_zalrsc/ilp32/libgcc.a(_lshrdi3.o)
 .debug_abbrev  0x00001854      0x114 /home/kuoping/opt/riscv/lib/gcc/riscv64-unknown-elf/15.2.0/rv32imac_zicsr_zaamo_zalrsc/ilp32/libgcc.a(_ashldi3.o)
 .debug_abbrev  0x00001968       0xd9 /home/kuoping/opt/riscv/lib/gcc/riscv64-unknown-elf/15.2.0/rv32imac_zicsr_zaamo_zalrsc/ilp32/libgcc.a(_clzsi2.o)
 .debug_abbrev  0x00001a41       0x76 /home/kuoping/opt/riscv/lib/gcc/riscv64-unknown-elf/15.2.0/rv32imac_zicsr_zaamo_zalrsc/ilp32/libgcc.a(_clz.o)
 .debug_abbrev  0x00001ab7       0xb3 /home/kuoping/opt/riscv/lib/gcc/riscv64-unknown-elf/15.2.0/../../../../riscv64-unknown-elf/lib/rv32imac_zicsr_zaamo_zalrsc/ilp32/libc.a(libc_a-init.o)

.debug_aranges  0x00000000      0x2e8
 .debug_aranges
                0x00000000       0x30 ./obj/_common_startup.o
 .debug_aranges
                0x00000030       0x38 ./obj/_common_jv_irq.o
 .debug_aranges
                0x00000068       0x60 ./obj/_common_printf.o
 .debug_aranges
                0x000000c8       0x68 ./obj/clic_test_clic_test.o
 .debug_aranges
                0x00000130       0x20 /home/kuoping/opt/riscv/lib/gcc/riscv64-unknown-elf/15.2.0/rv32imac_zicsr_zaamo_zalrsc/ilp32/libgcc.a(eqdf2.o)
 .debug_aranges
                0x00000150       0x20 /home/kuoping/opt/riscv/lib/gcc/riscv64-unknown-elf/15.2.0/rv32imac_zicsr_zaamo_zalrsc/ilp32/libgcc.a(gedf2.o)
 .debug_aranges
                0x00000170       0x20 /home/kuoping/opt/riscv/lib/gcc/riscv64-unknown-elf/15.2.0/rv32imac_zicsr_zaamo_zalrsc/ilp32/libgcc.a(ledf2.o)
 .debug_aranges
                0x00000190       0x20 /home/kuoping/opt/riscv/lib/gcc/riscv64-unknown-elf/15.2.0/rv32imac_zicsr_zaamo_zalrsc/ilp32/libgcc.a(muldf3.o)
 .debug_aranges
                0x000001b0       0x20 /home/kuoping/opt/riscv/lib/gcc/riscv64-unknown-elf/15.2.0/rv32imac_zicsr_zaamo_zalrsc/ilp32/libgcc.a(subdf3.o)
 .debug_aranges
                0x000001d0       0x20 /home/kuoping/opt/riscv/lib/gcc/riscv64-unknown-elf/15.2.0/rv32imac_zicsr_zaamo_zalrsc/ilp32/libgcc.a(fixdfsi.o)
 .debug_aranges
                0x000001f0       0x20 /home/kuoping/opt/riscv/lib/gcc/riscv64-unknown-elf/15.2.0/rv32imac_zicsr_zaamo_zalrsc/ilp32/libgcc.a(floatsidf.o)
 .debug_aranges
                0x00000210       0x20 /home/kuoping/opt/riscv/lib/gcc/riscv64-unknown-elf/15.2.0/rv32imac_zicsr_zaamo_zalrsc/ilp32/libgcc.a(fixunsdfdi.o)
 .debug_aranges
                0x00000230       0x20 /home/kuoping/opt/riscv/lib/gcc/riscv64-unknown-elf/15.2.0/rv32imac_zicsr_zaamo_zalrsc/ilp32/libgcc.a(floatundidf.o)
 .debug_aranges
                0x00000250       0x20 /home/kuoping/opt/riscv/lib/gcc/riscv64-unknown-elf/15.2.0/rv32imac_zicsr_zaamo_zalrsc/ilp32/libgcc.a(_lshrdi3.o)
 .debug_aranges
                0x00000270       0x20 /home/kuoping/opt/riscv/lib/gcc/riscv64-unknown-elf/15.2.0/rv32imac_zicsr_zaamo_zalrsc/ilp32/libgcc.a(_ashldi3.o)
 .debug_aranges
                0x00000290       0x20 /home/kuoping/opt/riscv/lib/gcc/riscv64-unknown-elf/15.2.0/rv32imac_zicsr_zaamo_zalrsc/ilp32/libgcc.a(_clzsi2.o)
 .debug_aranges
                0x000002b0       0x18 /home/kuoping/opt/riscv/lib/gcc/riscv64-unknown-elf/15.2.0/rv32imac_zicsr_zaamo_zalrsc/ilp32/libgcc.a(_clz.o)
 .debug_aranges
                0x000002c8       0x20 /home/kuoping/opt/riscv/lib/gcc/riscv64-unknown-elf/15.2.0/../../../../riscv64-unknown-elf/lib/rv32imac_zicsr_zaamo_zalrsc/ilp32/libc.a(libc_a-init.o)

.debug_str      0x00000000      0xee9
 .debug_str     0x00000000      0xee9 ./obj/_common_startup.o
                                 0x54 (size before relaxing)
 .debug_str     0x00000ee9        0x0 ./obj/_common_jv_irq.o
                                0x23e (size before relaxing)
 .debug_str     0x00000ee9        0x0 ./obj/_common_printf.o
                                0x473 (size before relaxing)
 .debug_str     0x00000ee9        0x0 ./obj/clic_test_clic_test.o
                                0x4ea (size before relaxing)
 .debug_str     0x00000ee9        0x0 /home/kuoping/opt/riscv/lib/gcc/riscv64-unknown-elf/15.2.0/rv32imac_zicsr_zaamo_zalrsc/ilp32/libgcc.a(eqdf2.o)
                                0x1d0 (size before relaxing)
 .debug_str     0x00000ee9        0x0 /home/kuoping/opt/riscv/lib/gcc/riscv64-unknown-elf/15.2.0/rv32imac_zicsr_zaamo_zalrsc/ilp32/libgcc.a(gedf2.o)
                                0x1f4 (size before relaxing)
 .debug_str     0x00000ee9        0x0 /home/kuoping/opt/riscv/lib/gcc/riscv64-unknown-elf/15.2.0/rv32imac_zicsr_zaamo_zalrsc/ilp32/libgcc.a(ledf2.o)
                                0x1f4 (size before relaxing)
 .debug_str     0x00000ee9        0x0 /home/kuoping/opt/riscv/lib/gcc/riscv64-unknown-elf/15.2.0/rv32imac_zicsr_zaamo_zalrsc/ilp32/libgcc.a(muldf3.o)
                                0x3d8 (size before relaxing)
 .debug_str     0x00000ee9        0x0 /home/kuoping/opt/riscv/lib/gcc/riscv64-unknown-elf/15.2.0/rv32imac_zicsr_zaamo_zalrsc/ilp32/libgcc.a(subdf3.o)
                                0x2be (size before relaxing)
 .debug_str     0x00000ee9        0x0 /home/kuoping/opt/riscv/lib/gcc/riscv64-unknown-elf/15.2.0/rv32imac_zicsr_zaamo_zalrsc/ilp32/libgcc.a(fixdfsi.o)
                                0x1cb (size before relaxing)
 .debug_str     0x00000ee9        0x0 /home/kuoping/opt/riscv/lib/gcc/riscv64-unknown-elf/15.2.0/rv32imac_zicsr_zaamo_zalrsc/ilp32/libgcc.a(floatsidf.o)
                                0x268 (size before relaxing)
 .debug_str     0x00000ee9        0x0 /home/kuoping/opt/riscv/lib/gcc/riscv64-unknown-elf/15.2.0/rv32imac_zicsr_zaamo_zalrsc/ilp32/libgcc.a(fixunsdfdi.o)
                                0x1d1 (size before relaxing)
 .debug_str     0x00000ee9        0x0 /home/kuoping/opt/riscv/lib/gcc/riscv64-unknown-elf/15.2.0/rv32imac_zicsr_zaamo_zalrsc/ilp32/libgcc.a(floatundidf.o)
                                0x281 (size before relaxing)
 .debug_str     0x00000ee9        0x0 /home/kuoping/opt/riscv/lib/gcc/riscv64-unknown-elf/15.2.0/rv32imac_zicsr_zaamo_zalrsc/ilp32/libgcc.a(_lshrdi3.o)
                                0x20e (size before relaxing)
 .debug_str     0x00000ee9        0x0 /home/kuoping/opt/riscv/lib/gcc/riscv64-unknown-elf/15.2.0/rv32imac_zicsr_zaamo_zalrsc/ilp32/libgcc.a(_ashldi3.o)
                                0x20e (size before relaxing)
 .debug_str     0x00000ee9        0x0 /home/kuoping/opt/riscv/lib/gcc/riscv64-unknown-elf/15.2.0/rv32imac_zicsr_zaamo_zalrsc/ilp32/libgcc.a(_clzsi2.o)
                                0x1ee (size before relaxing)
 .debug_str     0x00000ee9        0x0 /home/kuoping/opt/riscv/lib/gcc/riscv64-unknown-elf/15.2.0/rv32imac_zicsr_zaamo_zalrsc/ilp32/libgcc.a(_clz.o)
                                0x1d1 (size before relaxing)
 .debug_str     0x00000ee9        0x0 /home/kuoping/opt/riscv/lib/gcc/riscv64-unknown-elf/15.2.0/../../../../riscv64-unknown-elf/lib/rv32imac_zicsr_zaamo_zalrsc/ilp32/libc.a(libc_a-init.o)
                                0x1a6 (size before relaxing)

.debug_rnglists
                0x00000000      0x910
 .debug_rnglists
                0x00000000       0x21 ./obj/_common_startup.o
 .debug_rnglists
                0x00000021      0x1af ./obj/_common_jv_irq.o
 .debug_rnglists
                0x000001d0      0x217 ./obj/_common_printf.o
 .debug_rnglists
                0x000003e7      0x17c ./obj/clic_test_clic_test.o
 .debug_rnglists
                0x00000563       0x20 /home/kuoping/opt/riscv/lib/gcc/riscv64-unknown-elf/15.2.0/rv32imac_zicsr_zaamo_zalrsc/ilp32/libgcc.a(eqdf2.o)
 .debug_rnglists
                0x00000583       0x26 /home/kuoping/opt/riscv/lib/gcc/riscv64-unknown-elf/15.2.0/rv32imac_zicsr_zaamo_zalrsc/ilp32/libgcc.a(gedf2.o)
 .debug_rnglists
                0x000005a9       0x26 /home/kuoping/opt/riscv/lib/gcc/riscv64-unknown-elf/15.2.0/rv32imac_zicsr_zaamo_zalrsc/ilp32/libgcc.a(ledf2.o)
 .debug_rnglists
                0x000005cf      0x162 /home/kuoping/opt/riscv/lib/gcc/riscv64-unknown-elf/15.2.0/rv32imac_zicsr_zaamo_zalrsc/ilp32/libgcc.a(muldf3.o)
 .debug_rnglists
                0x00000731       0xeb /home/kuoping/opt/riscv/lib/gcc/riscv64-unknown-elf/15.2.0/rv32imac_zicsr_zaamo_zalrsc/ilp32/libgcc.a(subdf3.o)
 .debug_rnglists
                0x0000081c       0x13 /home/kuoping/opt/riscv/lib/gcc/riscv64-unknown-elf/15.2.0/rv32imac_zicsr_zaamo_zalrsc/ilp32/libgcc.a(fixdfsi.o)
 .debug_rnglists
                0x0000082f       0x2e /home/kuoping/opt/riscv/lib/gcc/riscv64-unknown-elf/15.2.0/rv32imac_zicsr_zaamo_zalrsc/ilp32/libgcc.a(floatsidf.o)
 .debug_rnglists
                0x0000085d       0x20 /home/kuoping/opt/riscv/lib/gcc/riscv64-unknown-elf/15.2.0/rv32imac_zicsr_zaamo_zalrsc/ilp32/libgcc.a(fixunsdfdi.o)
 .debug_rnglists
                0x0000087d       0x44 /home/kuoping/opt/riscv/lib/gcc/riscv64-unknown-elf/15.2.0/rv32imac_zicsr_zaamo_zalrsc/ilp32/libgcc.a(floatundidf.o)
 .debug_rnglists
                0x000008c1       0x13 /home/kuoping/opt/riscv/lib/gcc/riscv64-unknown-elf/15.2.0/rv32imac_zicsr_zaamo_zalrsc/ilp32/libgcc.a(_lshrdi3.o)
 .debug_rnglists
                0x000008d4       0x13 /home/kuoping/opt/riscv/lib/gcc/riscv64-unknown-elf/15.2.0/rv32imac_zicsr_zaamo_zalrsc/ilp32/libgcc.a(_ashldi3.o)
 .debug_rnglists
                0x000008e7       0x16 /home/kuoping/opt/riscv/lib/gcc/riscv64-unknown-elf/15.2.0/rv32imac_zicsr_zaamo_zalrsc/ilp32/libgcc.a(_clzsi2.o)
 .debug_rnglists
                0x000008fd       0x13 /home/kuoping/opt/riscv/lib/gcc/riscv64-unknown-elf/15.2.0/../../../../riscv64-unknown-elf/lib/rv32imac_zicsr_zaamo_zalrsc/ilp32/libc.a(libc_a-init.o)

.debug_loclists
                0x00000000     0x4483
 .debug_loclists
                0x00000000      0x4c6 ./obj/_common_jv_irq.o
 .debug_loclists
                0x000004c6     0x1607 ./obj/_common_printf.o
 .debug_loclists
                0x00001acd      0x4da ./obj/clic_test_clic_test.o
 .debug_loclists
                0x00001fa7       0x99 /home/kuoping/opt/riscv/lib/gcc/riscv64-unknown-elf/15.2.0/rv32imac_zicsr_zaamo_zalrsc/ilp32/libgcc.a(eqdf2.o)
 .debug_loclists
                0x00002040       0xfa /home/kuoping/opt/riscv/lib/gcc/riscv64-unknown-elf/15.2.0/rv32imac_zicsr_zaamo_zalrsc/ilp32/libgcc.a(gedf2.o)
 .debug_loclists
                0x0000213a       0xfa /home/kuoping/opt/riscv/lib/gcc/riscv64-unknown-elf/15.2.0/rv32imac_zicsr_zaamo_zalrsc/ilp32/libgcc.a(ledf2.o)
 .debug_loclists
                0x00002234      0xa9d /home/kuoping/opt/riscv/lib/gcc/riscv64-unknown-elf/15.2.0/rv32imac_zicsr_zaamo_zalrsc/ilp32/libgcc.a(muldf3.o)
 .debug_loclists
                0x00002cd1      0xf74 /home/kuoping/opt/riscv/lib/gcc/riscv64-unknown-elf/15.2.0/rv32imac_zicsr_zaamo_zalrsc/ilp32/libgcc.a(subdf3.o)
 .debug_loclists
                0x00003c45       0xe5 /home/kuoping/opt/riscv/lib/gcc/riscv64-unknown-elf/15.2.0/rv32imac_zicsr_zaamo_zalrsc/ilp32/libgcc.a(fixdfsi.o)
 .debug_loclists
                0x00003d2a       0xee /home/kuoping/opt/riscv/lib/gcc/riscv64-unknown-elf/15.2.0/rv32imac_zicsr_zaamo_zalrsc/ilp32/libgcc.a(floatsidf.o)
 .debug_loclists
                0x00003e18      0x163 /home/kuoping/opt/riscv/lib/gcc/riscv64-unknown-elf/15.2.0/rv32imac_zicsr_zaamo_zalrsc/ilp32/libgcc.a(fixunsdfdi.o)
 .debug_loclists
                0x00003f7b      0x314 /home/kuoping/opt/riscv/lib/gcc/riscv64-unknown-elf/15.2.0/rv32imac_zicsr_zaamo_zalrsc/ilp32/libgcc.a(floatundidf.o)
 .debug_loclists
                0x0000428f       0x9b /home/kuoping/opt/riscv/lib/gcc/riscv64-unknown-elf/15.2.0/rv32imac_zicsr_zaamo_zalrsc/ilp32/libgcc.a(_lshrdi3.o)
 .debug_loclists
                0x0000432a       0x9b /home/kuoping/opt/riscv/lib/gcc/riscv64-unknown-elf/15.2.0/rv32imac_zicsr_zaamo_zalrsc/ilp32/libgcc.a(_ashldi3.o)
 .debug_loclists
                0x000043c5       0x52 /home/kuoping/opt/riscv/lib/gcc/riscv64-unknown-elf/15.2.0/rv32imac_zicsr_zaamo_zalrsc/ilp32/libgcc.a(_clzsi2.o)
 .debug_loclists
                0x00004417       0x6c /home/kuoping/opt/riscv/lib/gcc/riscv64-unknown-elf/15.2.0/../../../../riscv64-unknown-elf/lib/rv32imac_zicsr_zaamo_zalrsc/ilp32/libc.a(libc_a-init.o)

.debug_frame    0x00000000      0x63c
 .debug_frame   0x00000000       0x50 ./obj/_common_jv_irq.o
 .debug_frame   0x00000050      0x294 ./obj/_common_printf.o
 .debug_frame   0x000002e4      0x100 ./obj/clic_test_clic_test.o
 .debug_frame   0x000003e4       0x20 /home/kuoping/opt/riscv/lib/gcc/riscv64-unknown-elf/15.2.0/rv32imac_zicsr_zaamo_zalrsc/ilp32/libgcc.a(eqdf2.o)
 .debug_frame   0x00000404       0x20 /home/kuoping/opt/riscv/lib/gcc/riscv64-unknown-elf/15.2.0/rv32imac_zicsr_zaamo_zalrsc/ilp32/libgcc.a(gedf2.o)
 .debug_frame   0x00000424       0x20 /home/kuoping/opt/riscv/lib/gcc/riscv64-unknown-elf/15.2.0/rv32imac_zicsr_zaamo_zalrsc/ilp32/libgcc.a(ledf2.o)
 .debug_frame   0x00000444       0x54 /home/kuoping/opt/riscv/lib/gcc/riscv64-unknown-elf/15.2.0/rv32imac_zicsr_zaamo_zalrsc/ilp32/libgcc.a(muldf3.o)
 .debug_frame   0x00000498       0x44 /home/kuoping/opt/riscv/lib/gcc/riscv64-unknown-elf/15.2.0/rv32imac_zicsr_zaamo_zalrsc/ilp32/libgcc.a(subdf3.o)
 .debug_frame   0x000004dc       0x20 /home/kuoping/opt/riscv/lib/gcc/riscv64-unknown-elf/15.2.0/rv32imac_zicsr_zaamo_zalrsc/ilp32/libgcc.a(fixdfsi.o)
 .debug_frame   0x000004fc       0x38 /home/kuoping/opt/riscv/lib/gcc/riscv64-unknown-elf/15.2.0/rv32imac_zicsr_zaamo_zalrsc/ilp32/libgcc.a(floatsidf.o)
 .debug_frame   0x00000534       0x2c /home/kuoping/opt/riscv/lib/gcc/riscv64-unknown-elf/15.2.0/rv32imac_zicsr_zaamo_zalrsc/ilp32/libgcc.a(fixunsdfdi.o)
 .debug_frame   0x00000560       0x44 /home/kuoping/opt/riscv/lib/gcc/riscv64-unknown-elf/15.2.0/rv32imac_zicsr_zaamo_zalrsc/ilp32/libgcc.a(floatundidf.o)
 .debug_frame   0x000005a4       0x20 /home/kuoping/opt/riscv/lib/gcc/riscv64-unknown-elf/15.2.0/rv32imac_zicsr_zaamo_zalrsc/ilp32/libgcc.a(_lshrdi3.o)
 .debug_frame   0x000005c4       0x20 /home/kuoping/opt/riscv/lib/gcc/riscv64-unknown-elf/15.2.0/rv32imac_zicsr_zaamo_zalrsc/ilp32/libgcc.a(_ashldi3.o)
 .debug_frame   0x000005e4       0x20 /home/kuoping/opt/riscv/lib/gcc/riscv64-unknown-elf/15.2.0/rv32imac_zicsr_zaamo_zalrsc/ilp32/libgcc.a(_clzsi2.o)
 .debug_frame   0x00000604       0x38 /home/kuoping/opt/riscv/lib/gcc/riscv64-unknown-elf/15.2.0/../../../../riscv64-unknown-elf/lib/rv32imac_zicsr_zaamo_zalrsc/ilp32/libc.a(libc_a-init.o)
